06:27 train e2_s0_quad_seed1
494,61276160,2233.09,680.695,6.867,76096.9
06:35 train e2_s0_quad_seed2
480,61276160,2266.04,687.908,6.344,63776.7
06:43 train e2_s0_quad_seed3
482,61276160,2277.40,692.815,6.484,63146.0
06:51 train e2_s0.5_quad_seed1
474,61276160,2047.88,744.112,15.016,91555.2
06:59 train e2_s0.5_quad_seed2
482,61276160,1857.06,677.778,15.562,135178.6
07:08 train e2_s0.5_quad_seed3
480,61276160,1988.43,755.915,15.242,120431.0
07:16 train e2_s1_quad_seed1
482,61276160,500.99,238.716,21.820,58160.4
07:24 train e2_s1_quad_seed2
475,61276160,632.80,290.179,27.141,67548.6
07:32 train e2_s1_quad_seed3
479,61276160,537.51,252.758,24.852,58307.7
07:40 train e2_s0_biped_seed1
485,61276160,2271.48,698.777,1000.000,62570.3
07:48 train e2_s0_biped_seed2
486,61276160,2263.92,690.562,1000.000,67342.9
07:56 train e2_s0_biped_seed3
490,61276160,2256.76,669.948,1000.000,63913.8
08:05 train e2_s0.5_biped_seed1
487,61276160,2253.73,766.292,992.828,64732.5
08:13 train e2_s0.5_biped_seed2
491,61276160,2271.37,786.096,1000.000,64005.9
08:21 train e2_s0.5_biped_seed3
492,61276160,2272.84,778.722,1000.000,62154.4
08:29 train e2_s1_biped_seed1
495,61276160,2138.07,856.801,965.047,80442.3
08:38 train e2_s1_biped_seed2
492,61276160,2173.60,838.312,978.844,72758.9
08:46 train e2_s1_biped_seed3
495,61276160,2065.84,799.473,930.953,69619.0
08:54 evaluate
{"name": "e2_s0_quad_seed1", "episodes": 16, "seconds": 15.0, "fell": 0.0, "distance": 10.271219253540039, "cot_work": 2.3082704544067383, "cot_torque": 3.4454331398010254, "hands_up": 0.00949990376830101}
{"name": "e2_s0_quad_seed2", "episodes": 16, "seconds": 15.0, "fell": 0.0, "distance": 10.425554275512695, "cot_work": 1.942049503326416, "cot_torque": 3.7889628410339355, "hands_up": 0.009666567668318748}
{"name": "e2_s0_quad_seed3", "episodes": 16, "seconds": 15.0, "fell": 0.0, "distance": 10.494235038757324, "cot_work": 1.901533842086792, "cot_torque": 3.674598455429077, "hands_up": 0.009499902836978436}
{"name": "e2_s0.5_quad_seed1", "episodes": 16, "seconds": 15.0, "fell": 0.0, "distance": 11.190898895263672, "cot_work": 2.634868621826172, "cot_torque": 4.761862277984619, "hands_up": 0.020166460424661636}
{"name": "e2_s0.5_quad_seed2", "episodes": 16, "seconds": 15.0, "fell": 0.0, "distance": 10.821460723876953, "cot_work": 3.954577684402466, "cot_torque": 6.1408491134643555, "hands_up": 0.02066645398736}
{"name": "e2_s0.5_quad_seed3", "episodes": 16, "seconds": 15.0, "fell": 0.0, "distance": 11.47350788116455, "cot_work": 3.3710713386535645, "cot_torque": 5.55006217956543, "hands_up": 0.019749797880649567}
{"name": "e2_s1_quad_seed1", "episodes": 16, "seconds": 15.0, "fell": 1.0, "distance": 4.979137420654297, "cot_work": 5.078725814819336, "cot_torque": 7.337827205657959, "hands_up": 0.07066323608160019}
{"name": "e2_s1_quad_seed2", "episodes": 16, "seconds": 15.0, "fell": 1.0, "distance": 5.95151424407959, "cot_work": 4.945051670074463, "cot_torque": 7.598876953125, "hands_up": 0.06861387938261032}
{"name": "e2_s1_quad_seed3", "episodes": 16, "seconds": 15.0, "fell": 1.0, "distance": 5.3118133544921875, "cot_work": 4.8217597007751465, "cot_torque": 7.382028102874756, "hands_up": 0.0820530578494072}
{"name": "e2_s0_biped_seed1", "episodes": 16, "seconds": 15.0, "fell": 0.0, "distance": 10.493427276611328, "cot_work": 1.7891019582748413, "cot_torque": 3.297253131866455, "hands_up": 0.9999897480010986}
{"name": "e2_s0_biped_seed2", "episodes": 16, "seconds": 15.0, "fell": 0.0, "distance": 10.308111190795898, "cot_work": 1.9306775331497192, "cot_torque": 3.4982221126556396, "hands_up": 0.9999897480010986}
{"name": "e2_s0_biped_seed3", "episodes": 16, "seconds": 15.0, "fell": 0.0, "distance": 10.24363899230957, "cot_work": 1.8548601865768433, "cot_torque": 3.447770595550537, "hands_up": 0.9999897480010986}
{"name": "e2_s0.5_biped_seed1", "episodes": 16, "seconds": 15.0, "fell": 0.0, "distance": 11.688111305236816, "cot_work": 1.6030675172805786, "cot_torque": 3.1099867820739746, "hands_up": 0.9999897480010986}
{"name": "e2_s0.5_biped_seed2", "episodes": 16, "seconds": 15.0, "fell": 0.0, "distance": 11.716171264648438, "cot_work": 1.6153440475463867, "cot_torque": 2.980581760406494, "hands_up": 0.9999897480010986}
{"name": "e2_s0.5_biped_seed3", "episodes": 16, "seconds": 15.0, "fell": 0.0, "distance": 11.702327728271484, "cot_work": 1.5558263063430786, "cot_torque": 3.0659403800964355, "hands_up": 0.9999897480010986}
{"name": "e2_s1_biped_seed1", "episodes": 16, "seconds": 15.0, "fell": 0.0625, "distance": 12.451726913452148, "cot_work": 1.9760639667510986, "cot_torque": 3.347339391708374, "hands_up": 0.9990139007568359}
{"name": "e2_s1_biped_seed2", "episodes": 16, "seconds": 15.0, "fell": 0.0, "distance": 12.499313354492188, "cot_work": 1.669305682182312, "cot_torque": 3.314535140991211, "hands_up": 0.9999897480010986}
{"name": "e2_s1_biped_seed3", "episodes": 16, "seconds": 15.0, "fell": 0.0, "distance": 12.66925048828125, "cot_work": 1.6682467460632324, "cot_torque": 3.3380846977233887, "hands_up": 0.9999897480010986}
# 2 足・4 足の比較 (実験 2) (お手本あり、学習量をそろえ各条件 3 回)

自動で作った表です (`sim/bipedal/eval.py --summary`)。各回 16 通りの始め方 × 15 秒の平均を、さらに学習 3 回で平均しています。

| 条件 | 回数 | 仕事のコスト (J/kg/m) | 支える力のコスト (N·m·s/kg/m) | 15 秒で進んだ距離 (m) | 転んだ割合 | 両手が浮いている割合 |
|---|---|---|---|---|---|---|
| ルーシー型 4足 | 3 | 3.32 ± 0.66 | 5.48 ± 0.69 | 11.2 ± 0.3 | 0% | 2% |
| チンパンジー型 4足 | 3 | 2.05 ± 0.22 | 3.64 ± 0.17 | 10.4 ± 0.1 | 0% | 1% |
| 人型 4足 | 3 | 4.95 ± 0.13 | 7.44 ± 0.14 | 5.4 ± 0.5 | 100% | 7% |
| ルーシー型 2足 | 3 | 1.59 ± 0.03 | 3.05 ± 0.07 | 11.7 ± 0.0 | 0% | 100% |
| チンパンジー型 2足 | 3 | 1.86 ± 0.07 | 3.41 ± 0.10 | 10.3 ± 0.1 | 0% | 100% |
| 人型 2足 | 3 | 1.77 ± 0.18 | 3.33 ± 0.02 | 12.5 ± 0.1 | 2% | 100% |

![比較のグラフ](media/bipedal_study2.png)

注意: 歩き方の型 (お手本) は人が与えている。コストは関節の力から計算した近似で、筋肉の消費エネルギーそのものではない。
08:58 videos
平均の仕事率 71 W, 移動のコスト 2.29 J/kg/m, 手が浮いている時間 1%
15.0 秒, 前へ 10.29 m, 転ばず → ../../docs/media/bipedal_study2_s0_quad.mp4
平均の仕事率 89 W, 移動のコスト 2.66 J/kg/m, 手が浮いている時間 2%
15.0 秒, 前へ 11.11 m, 転ばず → ../../docs/media/bipedal_study2_s0.5_quad.mp4
平均の仕事率 178 W, 移動のコスト 5.25 J/kg/m, 手が浮いている時間 5%
6.3 秒, 前へ 4.75 m, 転倒 6.3 秒 → ../../docs/media/bipedal_study2_s1_quad.mp4
平均の仕事率 54 W, 移動のコスト 1.71 J/kg/m, 手が浮いている時間 100%
15.0 秒, 前へ 10.54 m, 転ばず → ../../docs/media/bipedal_study2_s0_biped.mp4
平均の仕事率 56 W, 移動のコスト 1.59 J/kg/m, 手が浮いている時間 100%
15.0 秒, 前へ 11.63 m, 転ばず → ../../docs/media/bipedal_study2_s0.5_biped.mp4
平均の仕事率 69 W, 移動のコスト 1.83 J/kg/m, 手が浮いている時間 100%
15.0 秒, 前へ 12.61 m, 転ばず → ../../docs/media/bipedal_study2_s1_biped.mp4
09:02 study done
